/Users/hongyilin/projects/location_intelligence_embedded_code/uwbiot-top/libs/uwb-iot/uwb_api/PrintUtility/PrintUtility.c:20:14:printGenericErrorStatus	0	static
/Users/hongyilin/projects/location_intelligence_embedded_code/uwbiot-top/libs/uwb-iot/uwb_api/PrintUtility/PrintUtility.c:27:14:printSessionStatusData	0	static
/Users/hongyilin/projects/location_intelligence_embedded_code/uwbiot-top/libs/uwb-iot/uwb_api/PrintUtility/PrintUtility.c:39:14:printUwbSessionData	0	static
/Users/hongyilin/projects/location_intelligence_embedded_code/uwbiot-top/libs/uwb-iot/uwb_api/PrintUtility/PrintUtility.c:56:14:printMulticastListStatus	0	static
/Users/hongyilin/projects/location_intelligence_embedded_code/uwbiot-top/libs/uwb-iot/uwb_api/PrintUtility/PrintUtility.c:83:14:printRangingParams	0	static
/Users/hongyilin/projects/location_intelligence_embedded_code/uwbiot-top/libs/uwb-iot/uwb_api/PrintUtility/PrintUtility.c:106:14:printRangingData	48	static
/Users/hongyilin/projects/location_intelligence_embedded_code/uwbiot-top/libs/uwb-iot/uwb_api/PrintUtility/PrintUtility.c:405:14:printTransmitStatus	0	static
/Users/hongyilin/projects/location_intelligence_embedded_code/uwbiot-top/libs/uwb-iot/uwb_api/PrintUtility/PrintUtility.c:422:14:printRcvDataStatus	8	static
/Users/hongyilin/projects/location_intelligence_embedded_code/uwbiot-top/libs/uwb-iot/uwb_api/PrintUtility/PrintUtility.c:478:14:printWiFiCoExIndNtf	0	static
/Users/hongyilin/projects/location_intelligence_embedded_code/uwbiot-top/libs/uwb-iot/uwb_api/PrintUtility/PrintUtility.c:489:14:printCccRangingData	8	static
/Users/hongyilin/projects/location_intelligence_embedded_code/uwbiot-top/libs/uwb-iot/uwb_api/PrintUtility/PrintUtility.c:540:14:printDataTxPhaseCfgNtf	8	static
