/Users/hongyilin/Documents/MCUXpressoIDE_24.12.148/workspace/UWBIOT_SR150_v04.06.00_MCUx/uwbiot-top/ext/boards/qn9090/devices/QN9090/drivers/fsl_spi_freertos.c:16:13:SPI_RTOS_Callback	16	static
/Users/hongyilin/Documents/MCUXpressoIDE_24.12.148/workspace/UWBIOT_SR150_v04.06.00_MCUx/uwbiot-top/ext/boards/qn9090/devices/QN9090/drivers/fsl_spi_freertos.c:36:10:SPI_RTOS_Init	24	static
/Users/hongyilin/Documents/MCUXpressoIDE_24.12.148/workspace/UWBIOT_SR150_v04.06.00_MCUx/uwbiot-top/ext/boards/qn9090/devices/QN9090/drivers/fsl_spi_freertos.c:81:10:SPI_RTOS_Deinit	8	static
/Users/hongyilin/Documents/MCUXpressoIDE_24.12.148/workspace/UWBIOT_SR150_v04.06.00_MCUx/uwbiot-top/ext/boards/qn9090/devices/QN9090/drivers/fsl_spi_freertos.c:99:10:SPI_RTOS_Transfer	16	static
