/Users/hongyilin/projects/location_intelligence_embedded_code/uwbiot-top/ext/boards/qn9090/devices/QN9090/drivers/fsl_rng.c:25:10:TRNG_GetDefaultConfig	0	static
/Users/hongyilin/projects/location_intelligence_embedded_code/uwbiot-top/ext/boards/qn9090/devices/QN9090/drivers/fsl_rng.c:40:10:TRNG_Init	24	static
/Users/hongyilin/projects/location_intelligence_embedded_code/uwbiot-top/ext/boards/qn9090/devices/QN9090/drivers/fsl_rng.c:79:6:TRNG_Deinit	8	static
/Users/hongyilin/projects/location_intelligence_embedded_code/uwbiot-top/ext/boards/qn9090/devices/QN9090/drivers/fsl_rng.c:89:10:TRNG_GetRandomData	24	static
