/Users/hongyilin/projects/location_intelligence_embedded_code/uwbiot-top/ext/boards/qn9090/bluetooth/bluetooth/controller/config/controller_config.c:350:10:BleGenerateKeys	8	static
/Users/hongyilin/projects/location_intelligence_embedded_code/uwbiot-top/ext/boards/qn9090/bluetooth/bluetooth/controller/config/controller_config.c:361:10:BleComputeDhKey	8	static
/Users/hongyilin/projects/location_intelligence_embedded_code/uwbiot-top/ext/boards/qn9090/bluetooth/bluetooth/controller/config/controller_config.c:685:6:BLE_initiated_reset	8	static
/Users/hongyilin/projects/location_intelligence_embedded_code/uwbiot-top/ext/boards/qn9090/bluetooth/bluetooth/controller/config/controller_config.c:653:6:BLE_ControllerConfig	16	static
