/Users/hongyilin/Documents/MCUXpressoIDE_24.12.148/workspace/UWBIOT_SR150_v04.06.00_MCUx/uwbiot-top/libs/halimpl/transport/SPI/SR1XX/uwb_uwbs_tml_interface.c:50:13:uwb_uwbs_tml_init	16	static
/Users/hongyilin/Documents/MCUXpressoIDE_24.12.148/workspace/UWBIOT_SR150_v04.06.00_MCUx/uwbiot-top/libs/halimpl/transport/SPI/SR1XX/uwb_uwbs_tml_interface.c:83:13:uwb_uwbs_tml_setmode	8	static
/Users/hongyilin/Documents/MCUXpressoIDE_24.12.148/workspace/UWBIOT_SR150_v04.06.00_MCUx/uwbiot-top/libs/halimpl/transport/SPI/SR1XX/uwb_uwbs_tml_interface.c:93:13:uwb_uwbs_tml_deinit	8	static
/Users/hongyilin/Documents/MCUXpressoIDE_24.12.148/workspace/UWBIOT_SR150_v04.06.00_MCUx/uwbiot-top/libs/halimpl/transport/SPI/SR1XX/uwb_uwbs_tml_interface.c:101:13:uwb_uwbs_tml_data_tx	16	static
/Users/hongyilin/Documents/MCUXpressoIDE_24.12.148/workspace/UWBIOT_SR150_v04.06.00_MCUx/uwbiot-top/libs/halimpl/transport/SPI/SR1XX/uwb_uwbs_tml_interface.c:164:13:uwb_uwbs_tml_data_rx	32	static
/Users/hongyilin/Documents/MCUXpressoIDE_24.12.148/workspace/UWBIOT_SR150_v04.06.00_MCUx/uwbiot-top/libs/halimpl/transport/SPI/SR1XX/uwb_uwbs_tml_interface.c:329:13:uwb_uwbs_tml_data_trx	16	static
/Users/hongyilin/Documents/MCUXpressoIDE_24.12.148/workspace/UWBIOT_SR150_v04.06.00_MCUx/uwbiot-top/libs/halimpl/transport/SPI/SR1XX/uwb_uwbs_tml_interface.c:355:13:uwb_uwbs_tml_data_trx_with_Len	24	static
/Users/hongyilin/Documents/MCUXpressoIDE_24.12.148/workspace/UWBIOT_SR150_v04.06.00_MCUx/uwbiot-top/libs/halimpl/transport/SPI/SR1XX/uwb_uwbs_tml_interface.c:395:13:uwb_uwbs_tml_reset	8	static
/Users/hongyilin/Documents/MCUXpressoIDE_24.12.148/workspace/UWBIOT_SR150_v04.06.00_MCUx/uwbiot-top/libs/halimpl/transport/SPI/SR1XX/uwb_uwbs_tml_interface.c:403:6:uwb_uwbs_tml_flush_read_buffer	0	static
/Users/hongyilin/Documents/MCUXpressoIDE_24.12.148/workspace/UWBIOT_SR150_v04.06.00_MCUx/uwbiot-top/libs/halimpl/transport/SPI/SR1XX/uwb_uwbs_tml_interface.c:409:13:uwb_uwbs_tml_helios_hardreset	0	static
