/Users/hongyilin/projects/location_intelligence_embedded_code/uwbiot-top/libs/uci-core/src/uwa_sys_main.c:51:6:uwa_sys_init	8	static
/Users/hongyilin/projects/location_intelligence_embedded_code/uwbiot-top/libs/uci-core/src/uwa_sys_main.c:66:6:uwa_sys_event	8	static
/Users/hongyilin/projects/location_intelligence_embedded_code/uwbiot-top/libs/uci-core/src/uwa_sys_main.c:100:6:uwa_sys_register	0	static
/Users/hongyilin/projects/location_intelligence_embedded_code/uwbiot-top/libs/uci-core/src/uwa_sys_main.c:120:6:uwa_sys_disable_subsystems	8	static
/Users/hongyilin/projects/location_intelligence_embedded_code/uwbiot-top/libs/uci-core/src/uwa_sys_main.c:143:6:uwa_sys_sendmsg	8	static
