/Users/hongyilin/Documents/MCUXpressoIDE_24.12.148/workspace/UWBIOT_SR150_v04.06.00_MCUx/uwbiot-top/libs/uci-core/src/uwb_ucif.c:176:6:uwb_ucif_retransmit_cmd	8	static
/Users/hongyilin/Documents/MCUXpressoIDE_24.12.148/workspace/UWBIOT_SR150_v04.06.00_MCUx/uwbiot-top/libs/uci-core/src/uwb_ucif.c:197:6:uwb_ucif_check_cmd_queue	24	static
/Users/hongyilin/Documents/MCUXpressoIDE_24.12.148/workspace/UWBIOT_SR150_v04.06.00_MCUx/uwbiot-top/libs/uci-core/src/uwb_ucif.c:107:6:uwb_ucif_update_cmd_window	8	static
/Users/hongyilin/Documents/MCUXpressoIDE_24.12.148/workspace/UWBIOT_SR150_v04.06.00_MCUx/uwbiot-top/libs/uci-core/src/uwb_ucif.c:277:6:uwb_ucif_send_cmd	8	static
/Users/hongyilin/Documents/MCUXpressoIDE_24.12.148/workspace/UWBIOT_SR150_v04.06.00_MCUx/uwbiot-top/libs/uci-core/src/uwb_ucif.c:291:6:chain_data_packet	32	static
/Users/hongyilin/Documents/MCUXpressoIDE_24.12.148/workspace/UWBIOT_SR150_v04.06.00_MCUx/uwbiot-top/libs/uci-core/src/uwb_ucif.c:651:6:uwb_ucif_uwb_recovery	16	static
/Users/hongyilin/Documents/MCUXpressoIDE_24.12.148/workspace/UWBIOT_SR150_v04.06.00_MCUx/uwbiot-top/libs/uci-core/src/uwb_ucif.c:138:6:uwb_ucif_cmd_timeout	8	static
/Users/hongyilin/Documents/MCUXpressoIDE_24.12.148/workspace/UWBIOT_SR150_v04.06.00_MCUx/uwbiot-top/libs/uci-core/src/uwb_ucif.c:385:6:uwb_ucif_process_event	48	static
