/Users/hongyilin/projects/location_intelligence_embedded_code/uwbiot-top/boards/Rhodes4_SPI/board.c:492:13:FaultRecovery	8	static
/Users/hongyilin/projects/location_intelligence_embedded_code/uwbiot-top/boards/Rhodes4_SPI/board.c:464:6:BOARD_IsADCEnabled	0	static
/Users/hongyilin/projects/location_intelligence_embedded_code/uwbiot-top/boards/Rhodes4_SPI/board.c:506:10:BOARD_InitDebugConsole	16	static
/Users/hongyilin/projects/location_intelligence_embedded_code/uwbiot-top/boards/Rhodes4_SPI/board.c:529:10:BOARD_InitSwoDebugConsole	8	static
/Users/hongyilin/projects/location_intelligence_embedded_code/uwbiot-top/boards/Rhodes4_SPI/board.c:544:10:BOARD_DeinitDebugConsole	8	static
/Users/hongyilin/projects/location_intelligence_embedded_code/uwbiot-top/boards/Rhodes4_SPI/board.c:552:10:BOARD_DeinitSwoDebugConsole	8	static
/Users/hongyilin/projects/location_intelligence_embedded_code/uwbiot-top/boards/Rhodes4_SPI/board.c:559:6:BOARD_I2C_Init	32	static
/Users/hongyilin/projects/location_intelligence_embedded_code/uwbiot-top/boards/Rhodes4_SPI/board.c:568:10:BOARD_I2C_Send	32	static
/Users/hongyilin/projects/location_intelligence_embedded_code/uwbiot-top/boards/Rhodes4_SPI/board.c:589:10:BOARD_I2C_Receive	32	static
/Users/hongyilin/projects/location_intelligence_embedded_code/uwbiot-top/boards/Rhodes4_SPI/board.c:610:6:BOARD_Get_Rhodes4Version	32	static
/Users/hongyilin/projects/location_intelligence_embedded_code/uwbiot-top/boards/Rhodes4_SPI/board.c:699:6:BOARD_InitAdc	16	static
/Users/hongyilin/projects/location_intelligence_embedded_code/uwbiot-top/boards/Rhodes4_SPI/board.c:723:6:BOARD_ADCWakeupInit	8	static
/Users/hongyilin/projects/location_intelligence_embedded_code/uwbiot-top/boards/Rhodes4_SPI/board.c:740:6:BOARD_CheckADCReady	8	static
/Users/hongyilin/projects/location_intelligence_embedded_code/uwbiot-top/boards/Rhodes4_SPI/board.c:642:9:BOARD_GetBatteryLevel	32	static
/Users/hongyilin/projects/location_intelligence_embedded_code/uwbiot-top/boards/Rhodes4_SPI/board.c:756:6:BOARD_EnableAdc	0	static
/Users/hongyilin/projects/location_intelligence_embedded_code/uwbiot-top/boards/Rhodes4_SPI/board.c:769:6:BOARD_ADCMeasure	8	static
/Users/hongyilin/projects/location_intelligence_embedded_code/uwbiot-top/boards/Rhodes4_SPI/board.c:782:6:BOARD_DeInitAdc	8	static
/Users/hongyilin/projects/location_intelligence_embedded_code/uwbiot-top/boards/Rhodes4_SPI/board.c:791:10:BOARD_GetUsartClock	8	static
/Users/hongyilin/projects/location_intelligence_embedded_code/uwbiot-top/boards/Rhodes4_SPI/board.c:812:10:BOARD_GetCtimerClock	8	static
/Users/hongyilin/projects/location_intelligence_embedded_code/uwbiot-top/boards/Rhodes4_SPI/board.c:817:10:BOARD_GetPotentiometerLevel	16	static
/Users/hongyilin/projects/location_intelligence_embedded_code/uwbiot-top/boards/Rhodes4_SPI/board.c:825:6:BOARD_SetFaultBehaviour	0	static
/Users/hongyilin/projects/location_intelligence_embedded_code/uwbiot-top/boards/Rhodes4_SPI/board.c:837:49:BusFault_Handler	0	static
/Users/hongyilin/projects/location_intelligence_embedded_code/uwbiot-top/boards/Rhodes4_SPI/board.c:869:10:BOARD_GetSpiClock	8	static
/Users/hongyilin/projects/location_intelligence_embedded_code/uwbiot-top/boards/Rhodes4_SPI/board.c:890:6:BOARD_DbgLpIoSet	0	static
/Users/hongyilin/projects/location_intelligence_embedded_code/uwbiot-top/boards/Rhodes4_SPI/board.c:900:6:BOARD_DbgIoSet	0	static
/Users/hongyilin/projects/location_intelligence_embedded_code/uwbiot-top/boards/Rhodes4_SPI/board.c:911:6:BOARD_SetHeliosId	0	static
/Users/hongyilin/projects/location_intelligence_embedded_code/uwbiot-top/boards/Rhodes4_SPI/board.c:916:10:BOARD_GetHeliosId	0	static
/Users/hongyilin/projects/location_intelligence_embedded_code/uwbiot-top/boards/Rhodes4_SPI/board.c:924:6:BOARD_DbgSetIoUp	0	static
/Users/hongyilin/projects/location_intelligence_embedded_code/uwbiot-top/boards/Rhodes4_SPI/board.c:929:6:BOARD_DbgSetIoDown	0	static
/Users/hongyilin/projects/location_intelligence_embedded_code/uwbiot-top/boards/Rhodes4_SPI/board.c:1050:6:BOARD_DbgDiagIoConf	0	static
/Users/hongyilin/projects/location_intelligence_embedded_code/uwbiot-top/boards/Rhodes4_SPI/board.c:1053:6:BOARD_DbgDiagEnable	0	static
/Users/hongyilin/projects/location_intelligence_embedded_code/uwbiot-top/boards/Rhodes4_SPI/board.c:1058:6:BOARD_InitPMod_SPI_I2C	8	static
/Users/hongyilin/projects/location_intelligence_embedded_code/uwbiot-top/boards/Rhodes4_SPI/board.c:1063:6:BOARD_InitSPI	8	static
/Users/hongyilin/projects/location_intelligence_embedded_code/uwbiot-top/boards/Rhodes4_SPI/board.c:1197:6:BOARD_CpuClockUpdate	8	static
/Users/hongyilin/projects/location_intelligence_embedded_code/uwbiot-top/boards/Rhodes4_SPI/board.c:1476:6:BOARD_InitDEBUG_UART	8	static
/Users/hongyilin/projects/location_intelligence_embedded_code/uwbiot-top/boards/Rhodes4_SPI/board.c:1482:6:BOARD_SetDEBUG_UART_LowPower	0	static
/Users/hongyilin/projects/location_intelligence_embedded_code/uwbiot-top/boards/Rhodes4_SPI/board.c:1508:6:BOARD_CheckSwdAttached	24	static
/Users/hongyilin/projects/location_intelligence_embedded_code/uwbiot-top/boards/Rhodes4_SPI/board.c:1562:6:BOARD_BatteryLevelPinInit	0	static
/Users/hongyilin/projects/location_intelligence_embedded_code/uwbiot-top/boards/Rhodes4_SPI/board.c:1568:6:BOARD_SetPinsForRunMode	8	static
/Users/hongyilin/projects/location_intelligence_embedded_code/uwbiot-top/boards/Rhodes4_SPI/board.c:1271:6:BOARD_common_hw_init	8	static
/Users/hongyilin/projects/location_intelligence_embedded_code/uwbiot-top/boards/Rhodes4_SPI/board.c:1586:6:BOARD_SetPinsForPowerDown	24	static
/Users/hongyilin/projects/location_intelligence_embedded_code/uwbiot-top/boards/Rhodes4_SPI/board.c:1684:6:board_specific_action_on_idle	8	static
/Users/hongyilin/projects/location_intelligence_embedded_code/uwbiot-top/boards/Rhodes4_SPI/board.c:1965:22:psector_GetPage0Contents	16	static
/Users/hongyilin/projects/location_intelligence_embedded_code/uwbiot-top/boards/Rhodes4_SPI/board.c:2003:22:psector_GetPage0Handle	8	static
/Users/hongyilin/projects/location_intelligence_embedded_code/uwbiot-top/boards/Rhodes4_SPI/board.c:2021:5:psector_CommitPageUpdates	16	static
/Users/hongyilin/projects/location_intelligence_embedded_code/uwbiot-top/boards/Rhodes4_SPI/board.c:2040:5:psector_SetOtaEntry	16	static
/Users/hongyilin/projects/location_intelligence_embedded_code/uwbiot-top/boards/Rhodes4_SPI/board.c:2064:6:psector_SetPreferredApp	24	static
/Users/hongyilin/projects/location_intelligence_embedded_code/uwbiot-top/boards/Rhodes4_SPI/board.c:2118:5:psector_WriteBleMacAddress	24	static
/Users/hongyilin/projects/location_intelligence_embedded_code/uwbiot-top/boards/Rhodes4_SPI/board.c:2150:5:BOARD_Get_BLE_MAC_Id	40	static
/Users/hongyilin/projects/location_intelligence_embedded_code/uwbiot-top/boards/Rhodes4_SPI/board.c:2200:6:BOARD_DisplayMCUUid	24	static
/Users/hongyilin/projects/location_intelligence_embedded_code/uwbiot-top/boards/Rhodes4_SPI/board.c:2209:6:BOARD_GetMCUUid	24	static
/Users/hongyilin/projects/location_intelligence_embedded_code/uwbiot-top/boards/Rhodes4_SPI/board.c:2226:6:BOARD_MCUReset	0	static
/Users/hongyilin/projects/location_intelligence_embedded_code/uwbiot-top/boards/Rhodes4_SPI/board.c:2231:6:WDT_BOD_IRQHandler	0	static
