/Users/hongyilin/projects/location_intelligence_embedded_code/uwbiot-top/boards/Rhodes4_SPI/pin_mux.c:98:6:RV4_Init_HeliosPins	24	static
/Users/hongyilin/projects/location_intelligence_embedded_code/uwbiot-top/boards/Rhodes4_SPI/pin_mux.c:266:6:RV4_Init_HeliosIRQPins	8	static
/Users/hongyilin/projects/location_intelligence_embedded_code/uwbiot-top/boards/Rhodes4_SPI/pin_mux.c:307:6:RV4_Init_UARTPins	8	static
/Users/hongyilin/projects/location_intelligence_embedded_code/uwbiot-top/boards/Rhodes4_SPI/pin_mux.c:365:6:RV4_Init_I2CPins	8	static
/Users/hongyilin/projects/location_intelligence_embedded_code/uwbiot-top/boards/Rhodes4_SPI/pin_mux.c:417:6:RV4_Init_SWDPins	8	static
/Users/hongyilin/projects/location_intelligence_embedded_code/uwbiot-top/boards/Rhodes4_SPI/pin_mux.c:481:6:RV4_Init_SPIFIPins	8	static
/Users/hongyilin/projects/location_intelligence_embedded_code/uwbiot-top/boards/Rhodes4_SPI/pin_mux.c:554:6:RV4_Init_ISPPins	0	static
/Users/hongyilin/projects/location_intelligence_embedded_code/uwbiot-top/boards/Rhodes4_SPI/pin_mux.c:576:6:RV4_Init_HeliosCEPin	16	static
/Users/hongyilin/projects/location_intelligence_embedded_code/uwbiot-top/boards/Rhodes4_SPI/pin_mux.c:623:6:RV4_Init_HW_FlowPins	8	static
/Users/hongyilin/projects/location_intelligence_embedded_code/uwbiot-top/boards/Rhodes4_SPI/pin_mux.c:61:6:BOARD_InitBootPins	8	static
/Users/hongyilin/projects/location_intelligence_embedded_code/uwbiot-top/boards/Rhodes4_SPI/pin_mux.c:681:6:RV4_Init_VenusPins	16	static
/Users/hongyilin/projects/location_intelligence_embedded_code/uwbiot-top/boards/Rhodes4_SPI/pin_mux.c:726:6:RV4_Init_RevC_VenusIRQPins	8	static
/Users/hongyilin/projects/location_intelligence_embedded_code/uwbiot-top/boards/Rhodes4_SPI/pin_mux.c:766:6:RV4_Init_RevB_VenusIRQPins	8	static
