/Users/hongyilin/projects/location_intelligence_embedded_code/uwbiot-top/se_mw/se_hostlib/hostLib/libCommon/smCom/smCom.c:79:5:smCom_Init	16	static
/Users/hongyilin/projects/location_intelligence_embedded_code/uwbiot-top/se_mw/se_hostlib/hostLib/libCommon/smCom/smCom.c:101:6:smCom_DeInit	8	static
/Users/hongyilin/projects/location_intelligence_embedded_code/uwbiot-top/se_mw/se_hostlib/hostLib/libCommon/smCom/smCom.c:124:5:smCom_Transceive	16	static
/Users/hongyilin/projects/location_intelligence_embedded_code/uwbiot-top/se_mw/se_hostlib/hostLib/libCommon/smCom/smCom.c:148:5:smCom_TransceiveRaw	40	static
