/Users/hongyilin/projects/location_intelligence_embedded_code/uwbiot-top/ext/freertos/stream_buffer.c:1189:15:prvBytesInBuffer	0	static
/Users/hongyilin/projects/location_intelligence_embedded_code/uwbiot-top/ext/freertos/stream_buffer.c:1209:13:prvInitialiseNewStreamBuffer	24	static
/Users/hongyilin/projects/location_intelligence_embedded_code/uwbiot-top/ext/freertos/stream_buffer.c:1088:15:prvWriteBytesToBuffer	32	static
/Users/hongyilin/projects/location_intelligence_embedded_code/uwbiot-top/ext/freertos/stream_buffer.c:1134:15:prvReadBytesFromBuffer	24	static
/Users/hongyilin/projects/location_intelligence_embedded_code/uwbiot-top/ext/freertos/stream_buffer.c:219:23:xStreamBufferGenericCreate	32	static
/Users/hongyilin/projects/location_intelligence_embedded_code/uwbiot-top/ext/freertos/stream_buffer.c:359:6:vStreamBufferDelete	8	static
/Users/hongyilin/projects/location_intelligence_embedded_code/uwbiot-top/ext/freertos/stream_buffer.c:392:12:xStreamBufferReset	24	static
/Users/hongyilin/projects/location_intelligence_embedded_code/uwbiot-top/ext/freertos/stream_buffer.c:441:12:xStreamBufferSetTriggerLevel	16	static
/Users/hongyilin/projects/location_intelligence_embedded_code/uwbiot-top/ext/freertos/stream_buffer.c:470:8:xStreamBufferSpacesAvailable	8	static
/Users/hongyilin/projects/location_intelligence_embedded_code/uwbiot-top/ext/freertos/stream_buffer.c:494:8:xStreamBufferBytesAvailable	8	static
/Users/hongyilin/projects/location_intelligence_embedded_code/uwbiot-top/ext/freertos/stream_buffer.c:506:8:xStreamBufferSend	56	static
/Users/hongyilin/projects/location_intelligence_embedded_code/uwbiot-top/ext/freertos/stream_buffer.c:610:8:xStreamBufferSendFromISR	40	static
/Users/hongyilin/projects/location_intelligence_embedded_code/uwbiot-top/ext/freertos/stream_buffer.c:713:8:xStreamBufferReceive	40	static
/Users/hongyilin/projects/location_intelligence_embedded_code/uwbiot-top/ext/freertos/stream_buffer.c:817:8:xStreamBufferNextMessageLengthBytes	24	static
/Users/hongyilin/projects/location_intelligence_embedded_code/uwbiot-top/ext/freertos/stream_buffer.c:861:8:xStreamBufferReceiveFromISR	48	static
/Users/hongyilin/projects/location_intelligence_embedded_code/uwbiot-top/ext/freertos/stream_buffer.c:970:12:xStreamBufferIsEmpty	8	static
/Users/hongyilin/projects/location_intelligence_embedded_code/uwbiot-top/ext/freertos/stream_buffer.c:993:12:xStreamBufferIsFull	16	static
/Users/hongyilin/projects/location_intelligence_embedded_code/uwbiot-top/ext/freertos/stream_buffer.c:1028:12:xStreamBufferSendCompletedFromISR	24	static
/Users/hongyilin/projects/location_intelligence_embedded_code/uwbiot-top/ext/freertos/stream_buffer.c:1058:12:xStreamBufferReceiveCompletedFromISR	24	static
/Users/hongyilin/projects/location_intelligence_embedded_code/uwbiot-top/ext/freertos/stream_buffer.c:1237:14:uxStreamBufferGetStreamBufferNumber	0	static
/Users/hongyilin/projects/location_intelligence_embedded_code/uwbiot-top/ext/freertos/stream_buffer.c:1247:7:vStreamBufferSetStreamBufferNumber	0	static
/Users/hongyilin/projects/location_intelligence_embedded_code/uwbiot-top/ext/freertos/stream_buffer.c:1257:10:ucStreamBufferGetStreamBufferType	0	static
