/Users/hongyilin/Documents/MCUXpressoIDE_24.12.148/workspace/UWBIOT_SR150_v04.06.00_MCUx/uwbiot-top/libs/halimpl/tml/phTmlUwb_transport.c:33:13:helios_irq_cb	0	static
/Users/hongyilin/Documents/MCUXpressoIDE_24.12.148/workspace/UWBIOT_SR150_v04.06.00_MCUx/uwbiot-top/libs/halimpl/tml/phTmlUwb_transport.c:58:11:phTmlUwb_open_and_configure	16	static
/Users/hongyilin/Documents/MCUXpressoIDE_24.12.148/workspace/UWBIOT_SR150_v04.06.00_MCUx/uwbiot-top/libs/halimpl/tml/phTmlUwb_transport.c:92:11:phTmlUwb_io_init	8	static
/Users/hongyilin/Documents/MCUXpressoIDE_24.12.148/workspace/UWBIOT_SR150_v04.06.00_MCUx/uwbiot-top/libs/halimpl/tml/phTmlUwb_transport.c:113:11:phTmlUwb_io_deinit	8	static
/Users/hongyilin/Documents/MCUXpressoIDE_24.12.148/workspace/UWBIOT_SR150_v04.06.00_MCUx/uwbiot-top/libs/halimpl/tml/phTmlUwb_transport.c:136:11:phTmlUwb_io_set	8	static
/Users/hongyilin/Documents/MCUXpressoIDE_24.12.148/workspace/UWBIOT_SR150_v04.06.00_MCUx/uwbiot-top/libs/halimpl/tml/phTmlUwb_transport.c:159:6:phTmlUwb_io_enable_irq	16	static
/Users/hongyilin/Documents/MCUXpressoIDE_24.12.148/workspace/UWBIOT_SR150_v04.06.00_MCUx/uwbiot-top/libs/halimpl/tml/phTmlUwb_transport.c:192:6:phTmlUwb_io_disable_irq	8	static
/Users/hongyilin/Documents/MCUXpressoIDE_24.12.148/workspace/UWBIOT_SR150_v04.06.00_MCUx/uwbiot-top/libs/halimpl/tml/phTmlUwb_transport.c:212:6:phTmlUwb_close	8	static
/Users/hongyilin/Documents/MCUXpressoIDE_24.12.148/workspace/UWBIOT_SR150_v04.06.00_MCUx/uwbiot-top/libs/halimpl/tml/phTmlUwb_transport.c:234:5:phTmlUwb_uci_read	16	static
/Users/hongyilin/Documents/MCUXpressoIDE_24.12.148/workspace/UWBIOT_SR150_v04.06.00_MCUx/uwbiot-top/libs/halimpl/tml/phTmlUwb_transport.c:283:5:phTmlUwb_uci_write	8	static
/Users/hongyilin/Documents/MCUXpressoIDE_24.12.148/workspace/UWBIOT_SR150_v04.06.00_MCUx/uwbiot-top/libs/halimpl/tml/phTmlUwb_transport.c:354:11:phTmlUwb_hbci_transcive	16	static
/Users/hongyilin/Documents/MCUXpressoIDE_24.12.148/workspace/UWBIOT_SR150_v04.06.00_MCUx/uwbiot-top/libs/halimpl/tml/phTmlUwb_transport.c:381:11:phTmlUwb_hbci_transcive_with_len	16	static
/Users/hongyilin/Documents/MCUXpressoIDE_24.12.148/workspace/UWBIOT_SR150_v04.06.00_MCUx/uwbiot-top/libs/halimpl/tml/phTmlUwb_transport.c:522:11:phTmlUwb_hdll_hardreset	8	static
/Users/hongyilin/Documents/MCUXpressoIDE_24.12.148/workspace/UWBIOT_SR150_v04.06.00_MCUx/uwbiot-top/libs/halimpl/tml/phTmlUwb_transport.c:574:5:phTmlUwb_reset	8	static
/Users/hongyilin/Documents/MCUXpressoIDE_24.12.148/workspace/UWBIOT_SR150_v04.06.00_MCUx/uwbiot-top/libs/halimpl/tml/phTmlUwb_transport.c:594:6:phTmlUwb_set_uci_mode	8	static
/Users/hongyilin/Documents/MCUXpressoIDE_24.12.148/workspace/UWBIOT_SR150_v04.06.00_MCUx/uwbiot-top/libs/halimpl/tml/phTmlUwb_transport.c:608:6:phTmlUwb_set_hbci_mode	8	static
/Users/hongyilin/Documents/MCUXpressoIDE_24.12.148/workspace/UWBIOT_SR150_v04.06.00_MCUx/uwbiot-top/libs/halimpl/tml/phTmlUwb_transport.c:661:6:phTmlUwb_helios_irq_enable	16	static
/Users/hongyilin/Documents/MCUXpressoIDE_24.12.148/workspace/UWBIOT_SR150_v04.06.00_MCUx/uwbiot-top/libs/halimpl/tml/phTmlUwb_transport.c:680:6:phTmlUwb_helios_interupt_status	16	static
