/Users/hongyilin/Documents/MCUXpressoIDE_24.12.148/workspace/UWBIOT_SR150_v04.06.00_MCUx/uwbiot-top/libs/halimpl/osal/phOsalUwb_Timer_FreeRTOS.c:307:13:phOsalUwb_DeferredCall	8	static
/Users/hongyilin/Documents/MCUXpressoIDE_24.12.148/workspace/UWBIOT_SR150_v04.06.00_MCUx/uwbiot-top/libs/halimpl/osal/phOsalUwb_Timer_FreeRTOS.c:337:13:phOsalUwb_Timer_Expired	16	static
/Users/hongyilin/Documents/MCUXpressoIDE_24.12.148/workspace/UWBIOT_SR150_v04.06.00_MCUx/uwbiot-top/libs/halimpl/osal/phOsalUwb_Timer_FreeRTOS.c:154:11:phOsalUwb_Timer_Start	24	static
/Users/hongyilin/Documents/MCUXpressoIDE_24.12.148/workspace/UWBIOT_SR150_v04.06.00_MCUx/uwbiot-top/libs/halimpl/osal/phOsalUwb_Timer_FreeRTOS.c:216:11:phOsalUwb_Timer_Stop	16	static
/Users/hongyilin/Documents/MCUXpressoIDE_24.12.148/workspace/UWBIOT_SR150_v04.06.00_MCUx/uwbiot-top/libs/halimpl/osal/phOsalUwb_Timer_FreeRTOS.c:379:10:phUtilUwb_CheckForAvailableTimer	0	static
/Users/hongyilin/Documents/MCUXpressoIDE_24.12.148/workspace/UWBIOT_SR150_v04.06.00_MCUx/uwbiot-top/libs/halimpl/osal/phOsalUwb_Timer_FreeRTOS.c:82:10:phOsalUwb_Timer_Create	24	static
/Users/hongyilin/Documents/MCUXpressoIDE_24.12.148/workspace/UWBIOT_SR150_v04.06.00_MCUx/uwbiot-top/libs/halimpl/osal/phOsalUwb_Timer_FreeRTOS.c:408:11:phOsalUwb_CheckTimerPresence	0	static
/Users/hongyilin/Documents/MCUXpressoIDE_24.12.148/workspace/UWBIOT_SR150_v04.06.00_MCUx/uwbiot-top/libs/halimpl/osal/phOsalUwb_Timer_FreeRTOS.c:267:11:phOsalUwb_Timer_Delete	24	static
