/Users/hongyilin/Documents/MCUXpressoIDE_24.12.148/workspace/UWBIOT_SR150_v04.06.00_MCUx/uwbiot-top/libs/uwb-iot/uwb_api/Api/UwbApi_Internal.c:2102:6:ufaDeviceManagementDataCallback	16	static
/Users/hongyilin/Documents/MCUXpressoIDE_24.12.148/workspace/UWBIOT_SR150_v04.06.00_MCUx/uwbiot-top/libs/uwb-iot/uwb_api/Api/UwbApi_Internal.c:2169:13:rawCommandResponse_Cb	8	static
/Users/hongyilin/Documents/MCUXpressoIDE_24.12.148/workspace/UWBIOT_SR150_v04.06.00_MCUx/uwbiot-top/libs/uwb-iot/uwb_api/Api/UwbApi_Internal.c:77:6:cleanUp	8	static
/Users/hongyilin/Documents/MCUXpressoIDE_24.12.148/workspace/UWBIOT_SR150_v04.06.00_MCUx/uwbiot-top/libs/uwb-iot/uwb_api/Api/UwbApi_Internal.c:204:6:parseRangingParams	16	static
/Users/hongyilin/Documents/MCUXpressoIDE_24.12.148/workspace/UWBIOT_SR150_v04.06.00_MCUx/uwbiot-top/libs/uwb-iot/uwb_api/Api/UwbApi_Internal.c:257:21:processInternalRsp	16	static
/Users/hongyilin/Documents/MCUXpressoIDE_24.12.148/workspace/UWBIOT_SR150_v04.06.00_MCUx/uwbiot-top/libs/uwb-iot/uwb_api/Api/UwbApi_Internal.c:298:21:processCoreRsp	16	static
/Users/hongyilin/Documents/MCUXpressoIDE_24.12.148/workspace/UWBIOT_SR150_v04.06.00_MCUx/uwbiot-top/libs/uwb-iot/uwb_api/Api/UwbApi_Internal.c:395:21:processSessionManagementRsp	24	static
/Users/hongyilin/Documents/MCUXpressoIDE_24.12.148/workspace/UWBIOT_SR150_v04.06.00_MCUx/uwbiot-top/libs/uwb-iot/uwb_api/Api/UwbApi_Internal.c:531:21:processRangeManagementRsp	16	static
/Users/hongyilin/Documents/MCUXpressoIDE_24.12.148/workspace/UWBIOT_SR150_v04.06.00_MCUx/uwbiot-top/libs/uwb-iot/uwb_api/Api/UwbApi_Internal.c:567:21:processTestManagementRsp	16	static
/Users/hongyilin/Documents/MCUXpressoIDE_24.12.148/workspace/UWBIOT_SR150_v04.06.00_MCUx/uwbiot-top/libs/uwb-iot/uwb_api/Api/UwbApi_Internal.c:629:21:processProprietaryRsp	16	static
/Users/hongyilin/Documents/MCUXpressoIDE_24.12.148/workspace/UWBIOT_SR150_v04.06.00_MCUx/uwbiot-top/libs/uwb-iot/uwb_api/Api/UwbApi_Internal.c:778:21:processVendorRsp	16	static
/Users/hongyilin/Documents/MCUXpressoIDE_24.12.148/workspace/UWBIOT_SR150_v04.06.00_MCUx/uwbiot-top/libs/uwb-iot/uwb_api/Api/UwbApi_Internal.c:887:21:processProprietarySeRsp	16	static
/Users/hongyilin/Documents/MCUXpressoIDE_24.12.148/workspace/UWBIOT_SR150_v04.06.00_MCUx/uwbiot-top/libs/uwb-iot/uwb_api/Api/UwbApi_Internal.c:1974:6:ufaDeviceManagementRspCallback	8	static
/Users/hongyilin/Documents/MCUXpressoIDE_24.12.148/workspace/UWBIOT_SR150_v04.06.00_MCUx/uwbiot-top/libs/uwb-iot/uwb_api/Api/UwbApi_Internal.c:944:21:processCoreManagementNtf	16	static
/Users/hongyilin/Documents/MCUXpressoIDE_24.12.148/workspace/UWBIOT_SR150_v04.06.00_MCUx/uwbiot-top/libs/uwb-iot/uwb_api/Api/UwbApi_Internal.c:1014:21:processSessionManagementNtf	128	static
/Users/hongyilin/Documents/MCUXpressoIDE_24.12.148/workspace/UWBIOT_SR150_v04.06.00_MCUx/uwbiot-top/libs/uwb-iot/uwb_api/Api/UwbApi_Internal.c:1094:6:parseTwoWayRangingNtf	64	static
/Users/hongyilin/Documents/MCUXpressoIDE_24.12.148/workspace/UWBIOT_SR150_v04.06.00_MCUx/uwbiot-top/libs/uwb-iot/uwb_api/Api/UwbApi_Internal.c:1243:6:parseDlTDoARangingNtf	24	static
/Users/hongyilin/Documents/MCUXpressoIDE_24.12.148/workspace/UWBIOT_SR150_v04.06.00_MCUx/uwbiot-top/libs/uwb-iot/uwb_api/Api/UwbApi_Internal.c:1372:6:parseOneWayRangingNtf	56	static
/Users/hongyilin/Documents/MCUXpressoIDE_24.12.148/workspace/UWBIOT_SR150_v04.06.00_MCUx/uwbiot-top/libs/uwb-iot/uwb_api/Api/UwbApi_Internal.c:1633:6:parseRangingNtf	16	static
/Users/hongyilin/Documents/MCUXpressoIDE_24.12.148/workspace/UWBIOT_SR150_v04.06.00_MCUx/uwbiot-top/libs/uwb-iot/uwb_api/Api/UwbApi_Internal.c:1757:6:parseCccRangingNtf	16	static
/Users/hongyilin/Documents/MCUXpressoIDE_24.12.148/workspace/UWBIOT_SR150_v04.06.00_MCUx/uwbiot-top/libs/uwb-iot/uwb_api/Api/UwbApi_Internal.c:1828:21:processRangeManagementNtf	16	static
/Users/hongyilin/Documents/MCUXpressoIDE_24.12.148/workspace/UWBIOT_SR150_v04.06.00_MCUx/uwbiot-top/libs/uwb-iot/uwb_api/Api/UwbApi_Internal.c:1874:21:processDataControlNtf	16	static
/Users/hongyilin/Documents/MCUXpressoIDE_24.12.148/workspace/UWBIOT_SR150_v04.06.00_MCUx/uwbiot-top/libs/uwb-iot/uwb_api/Api/UwbApi_Internal.c:1905:21:processTestManagementNtf	280	static
/Users/hongyilin/Documents/MCUXpressoIDE_24.12.148/workspace/UWBIOT_SR150_v04.06.00_MCUx/uwbiot-top/libs/uwb-iot/uwb_api/Api/UwbApi_Internal.c:2036:6:ufaDeviceManagementNtfCallback	16	static
/Users/hongyilin/Documents/MCUXpressoIDE_24.12.148/workspace/UWBIOT_SR150_v04.06.00_MCUx/uwbiot-top/libs/uwb-iot/uwb_api/Api/UwbApi_Internal.c:2150:6:sep_SetWaitEvent	0	static
/Users/hongyilin/Documents/MCUXpressoIDE_24.12.148/workspace/UWBIOT_SR150_v04.06.00_MCUx/uwbiot-top/libs/uwb-iot/uwb_api/Api/UwbApi_Internal.c:2196:16:sendRawUci	32	static
/Users/hongyilin/Documents/MCUXpressoIDE_24.12.148/workspace/UWBIOT_SR150_v04.06.00_MCUx/uwbiot-top/libs/uwb-iot/uwb_api/Api/UwbApi_Internal.c:2258:16:waitforNotification	16	static
/Users/hongyilin/Documents/MCUXpressoIDE_24.12.148/workspace/UWBIOT_SR150_v04.06.00_MCUx/uwbiot-top/libs/uwb-iot/uwb_api/Api/UwbApi_Internal.c:2311:9:getAppConfigTLVBuffer	16	static
/Users/hongyilin/Documents/MCUXpressoIDE_24.12.148/workspace/UWBIOT_SR150_v04.06.00_MCUx/uwbiot-top/libs/uwb-iot/uwb_api/Api/UwbApi_Internal.c:2470:9:getTestConfigTLVBuffer	0	static
/Users/hongyilin/Documents/MCUXpressoIDE_24.12.148/workspace/UWBIOT_SR150_v04.06.00_MCUx/uwbiot-top/libs/uwb-iot/uwb_api/Api/UwbApi_Internal.c:2516:16:VendorAppConfig_TlvParser	0	static
/Users/hongyilin/Documents/MCUXpressoIDE_24.12.148/workspace/UWBIOT_SR150_v04.06.00_MCUx/uwbiot-top/libs/uwb-iot/uwb_api/Api/UwbApi_Internal.c:2551:9:getCoreDeviceConfigTLVBuffer	8	static
/Users/hongyilin/Documents/MCUXpressoIDE_24.12.148/workspace/UWBIOT_SR150_v04.06.00_MCUx/uwbiot-top/libs/uwb-iot/uwb_api/Api/UwbApi_Internal.c:2591:6:parseCoreGetDeviceConfigResponse	0	static
/Users/hongyilin/Documents/MCUXpressoIDE_24.12.148/workspace/UWBIOT_SR150_v04.06.00_MCUx/uwbiot-top/libs/uwb-iot/uwb_api/Api/UwbApi_Internal.c:2613:16:getDeviceInfo	8	static
/Users/hongyilin/Documents/MCUXpressoIDE_24.12.148/workspace/UWBIOT_SR150_v04.06.00_MCUx/uwbiot-top/libs/uwb-iot/uwb_api/Api/UwbApi_Internal.c:42:16:recoverUWBS	8	static
/Users/hongyilin/Documents/MCUXpressoIDE_24.12.148/workspace/UWBIOT_SR150_v04.06.00_MCUx/uwbiot-top/libs/uwb-iot/uwb_api/Api/UwbApi_Internal.c:2631:16:getCapsInfo	8	static
/Users/hongyilin/Documents/MCUXpressoIDE_24.12.148/workspace/UWBIOT_SR150_v04.06.00_MCUx/uwbiot-top/libs/uwb-iot/uwb_api/Api/UwbApi_Internal.c:2648:16:AppConfig_TlvParser	0	static
/Users/hongyilin/Documents/MCUXpressoIDE_24.12.148/workspace/UWBIOT_SR150_v04.06.00_MCUx/uwbiot-top/libs/uwb-iot/uwb_api/Api/UwbApi_Internal.c:2682:16:parseUwbSessionParams	16	static
/Users/hongyilin/Documents/MCUXpressoIDE_24.12.148/workspace/UWBIOT_SR150_v04.06.00_MCUx/uwbiot-top/libs/uwb-iot/uwb_api/Api/UwbApi_Internal.c:2726:24:UwbApi_GetAllUwbSessions	16	static
/Users/hongyilin/Documents/MCUXpressoIDE_24.12.148/workspace/UWBIOT_SR150_v04.06.00_MCUx/uwbiot-top/libs/uwb-iot/uwb_api/Api/UwbApi_Internal.c:2782:9:parseCapabilityInfo	56	static
/Users/hongyilin/Documents/MCUXpressoIDE_24.12.148/workspace/UWBIOT_SR150_v04.06.00_MCUx/uwbiot-top/libs/uwb-iot/uwb_api/Api/UwbApi_Internal.c:93:16:uwbInit	88	static
