/Users/hongyilin/Documents/MCUXpressoIDE_24.12.148/workspace/UWBIOT_SR150_v04.06.00_MCUx/uwbiot-top/demos/common/AppCallbacks.c:55:16:validateReceivedData	8	static
/Users/hongyilin/Documents/MCUXpressoIDE_24.12.148/workspace/UWBIOT_SR150_v04.06.00_MCUx/uwbiot-top/demos/common/AppCallbacks.c:67:6:UWBDemo_Init	8	static
/Users/hongyilin/Documents/MCUXpressoIDE_24.12.148/workspace/UWBIOT_SR150_v04.06.00_MCUx/uwbiot-top/demos/common/AppCallbacks.c:79:6:UWBDemo_DeInit	8	static
/Users/hongyilin/Documents/MCUXpressoIDE_24.12.148/workspace/UWBIOT_SR150_v04.06.00_MCUx/uwbiot-top/demos/common/AppCallbacks.c:107:6:AppCallback	224	static
