/Users/hongyilin/projects/location_intelligence_embedded_code/uwbiot-top/demos/common/AppRecovery.c:41:30:AppRecoveryTask	40	static
/Users/hongyilin/projects/location_intelligence_embedded_code/uwbiot-top/demos/common/AppRecovery.c:92:6:Start_AppRecoveryTask	40	static
/Users/hongyilin/projects/location_intelligence_embedded_code/uwbiot-top/demos/common/AppRecovery.c:107:6:Stop_AppRecoveryTask	8	static
/Users/hongyilin/projects/location_intelligence_embedded_code/uwbiot-top/demos/common/AppRecovery.c:113:6:Handle_ErrorScenario	8	static
