/Users/hongyilin/projects/location_intelligence_embedded_code/uwbiot-top/se_mw/se_hostlib/hostLib/libCommon/infra/sm_connect.c:322:5:SM_RjctConnect	8	static
/Users/hongyilin/projects/location_intelligence_embedded_code/uwbiot-top/se_mw/se_hostlib/hostLib/libCommon/infra/sm_connect.c:439:5:SM_Connect	320	static
/Users/hongyilin/projects/location_intelligence_embedded_code/uwbiot-top/se_mw/se_hostlib/hostLib/libCommon/infra/sm_connect.c:401:5:SM_I2CConnect	24	static
/Users/hongyilin/projects/location_intelligence_embedded_code/uwbiot-top/se_mw/se_hostlib/hostLib/libCommon/infra/sm_connect.c:600:5:SM_Close	8	static
/Users/hongyilin/projects/location_intelligence_embedded_code/uwbiot-top/se_mw/se_hostlib/hostLib/libCommon/infra/sm_connect.c:656:5:SM_SendAPDU	24	static
