/Users/hongyilin/Documents/MCUXpressoIDE_24.12.148/workspace/UWBIOT_SR150_v04.06.00_MCUx/uwbiot-top/libs/uwb-iot/uwb_api/Api/SR1XX/UwbApi_Proprietary_Internal.c:1162:13:handle_schedstatus_ntf	280	static
/Users/hongyilin/Documents/MCUXpressoIDE_24.12.148/workspace/UWBIOT_SR150_v04.06.00_MCUx/uwbiot-top/libs/uwb-iot/uwb_api/Api/SR1XX/UwbApi_Proprietary_Internal.c:1252:13:handle_debug_ntf	4120	static
/Users/hongyilin/Documents/MCUXpressoIDE_24.12.148/workspace/UWBIOT_SR150_v04.06.00_MCUx/uwbiot-top/libs/uwb-iot/uwb_api/Api/SR1XX/UwbApi_Proprietary_Internal.c:1292:13:handle_rframe_log_ntf	2328	static
/Users/hongyilin/Documents/MCUXpressoIDE_24.12.148/workspace/UWBIOT_SR150_v04.06.00_MCUx/uwbiot-top/libs/uwb-iot/uwb_api/Api/SR1XX/UwbApi_Proprietary_Internal.c:88:16:DebugConfig_TlvParser	0	static
/Users/hongyilin/Documents/MCUXpressoIDE_24.12.148/workspace/UWBIOT_SR150_v04.06.00_MCUx/uwbiot-top/libs/uwb-iot/uwb_api/Api/SR1XX/UwbApi_Proprietary_Internal.c:135:9:getVendorAppConfigTLVBuffer	16	static
/Users/hongyilin/Documents/MCUXpressoIDE_24.12.148/workspace/UWBIOT_SR150_v04.06.00_MCUx/uwbiot-top/libs/uwb-iot/uwb_api/Api/SR1XX/UwbApi_Proprietary_Internal.c:314:9:getExtTestConfigTLVBuffer	0	static
/Users/hongyilin/Documents/MCUXpressoIDE_24.12.148/workspace/UWBIOT_SR150_v04.06.00_MCUx/uwbiot-top/libs/uwb-iot/uwb_api/Api/SR1XX/UwbApi_Proprietary_Internal.c:353:9:getExtDeviceConfigTLVBuffer	0	static
/Users/hongyilin/Documents/MCUXpressoIDE_24.12.148/workspace/UWBIOT_SR150_v04.06.00_MCUx/uwbiot-top/libs/uwb-iot/uwb_api/Api/SR1XX/UwbApi_Proprietary_Internal.c:394:9:getVendorDebugConfigTLVBuffer	8	static
/Users/hongyilin/Documents/MCUXpressoIDE_24.12.148/workspace/UWBIOT_SR150_v04.06.00_MCUx/uwbiot-top/libs/uwb-iot/uwb_api/Api/SR1XX/UwbApi_Proprietary_Internal.c:471:9:parseCapabilityCCCParams	24	static
/Users/hongyilin/Documents/MCUXpressoIDE_24.12.148/workspace/UWBIOT_SR150_v04.06.00_MCUx/uwbiot-top/libs/uwb-iot/uwb_api/Api/SR1XX/UwbApi_Proprietary_Internal.c:541:9:parseDeviceInfo	40	static
/Users/hongyilin/Documents/MCUXpressoIDE_24.12.148/workspace/UWBIOT_SR150_v04.06.00_MCUx/uwbiot-top/libs/uwb-iot/uwb_api/Api/SR1XX/UwbApi_Proprietary_Internal.c:732:6:parseDebugParams	24	static
/Users/hongyilin/Documents/MCUXpressoIDE_24.12.148/workspace/UWBIOT_SR150_v04.06.00_MCUx/uwbiot-top/libs/uwb-iot/uwb_api/Api/SR1XX/UwbApi_Proprietary_Internal.c:798:9:getExtCoreDeviceConfigTLVBuffer	8	static
/Users/hongyilin/Documents/MCUXpressoIDE_24.12.148/workspace/UWBIOT_SR150_v04.06.00_MCUx/uwbiot-top/libs/uwb-iot/uwb_api/Api/SR1XX/UwbApi_Proprietary_Internal.c:992:6:parseExtGetDeviceConfigResponse	16	static
/Users/hongyilin/Documents/MCUXpressoIDE_24.12.148/workspace/UWBIOT_SR150_v04.06.00_MCUx/uwbiot-top/libs/uwb-iot/uwb_api/Api/SR1XX/UwbApi_Proprietary_Internal.c:1121:6:parseExtGetCalibResponse	16	static
/Users/hongyilin/Documents/MCUXpressoIDE_24.12.148/workspace/UWBIOT_SR150_v04.06.00_MCUx/uwbiot-top/libs/uwb-iot/uwb_api/Api/SR1XX/UwbApi_Proprietary_Internal.c:1407:6:processProprietaryNtf	32	static
/Users/hongyilin/Documents/MCUXpressoIDE_24.12.148/workspace/UWBIOT_SR150_v04.06.00_MCUx/uwbiot-top/libs/uwb-iot/uwb_api/Api/SR1XX/UwbApi_Proprietary_Internal.c:1446:6:processVendorNtf	24	static
/Users/hongyilin/Documents/MCUXpressoIDE_24.12.148/workspace/UWBIOT_SR150_v04.06.00_MCUx/uwbiot-top/libs/uwb-iot/uwb_api/Api/SR1XX/UwbApi_Proprietary_Internal.c:1486:6:processProprietarySeNtf	16	static
/Users/hongyilin/Documents/MCUXpressoIDE_24.12.148/workspace/UWBIOT_SR150_v04.06.00_MCUx/uwbiot-top/libs/uwb-iot/uwb_api/Api/SR1XX/UwbApi_Proprietary_Internal.c:1507:6:processInternalNtf	16	static
/Users/hongyilin/Documents/MCUXpressoIDE_24.12.148/workspace/UWBIOT_SR150_v04.06.00_MCUx/uwbiot-top/libs/uwb-iot/uwb_api/Api/SR1XX/UwbApi_Proprietary_Internal.c:1533:6:extDeviceManagementCallback	8	static
/Users/hongyilin/Documents/MCUXpressoIDE_24.12.148/workspace/UWBIOT_SR150_v04.06.00_MCUx/uwbiot-top/libs/uwb-iot/uwb_api/Api/SR1XX/UwbApi_Proprietary_Internal.c:1588:16:setDefaultCoreConfigs	64	static
