/Users/hongyilin/Documents/MCUXpressoIDE_24.12.148/workspace/UWBIOT_SR150_v04.06.00_MCUx/uwbiot-top/libs/uwb-iot/uwb_api/Api/SR1XX/UwbApi_RfTest.c:91:24:UwbApi_SetRfTestParams	32	static
/Users/hongyilin/Documents/MCUXpressoIDE_24.12.148/workspace/UWBIOT_SR150_v04.06.00_MCUx/uwbiot-top/libs/uwb-iot/uwb_api/Api/SR1XX/UwbApi_RfTest.c:226:24:UwbApi_GetRfTestParams	24	static
/Users/hongyilin/Documents/MCUXpressoIDE_24.12.148/workspace/UWBIOT_SR150_v04.06.00_MCUx/uwbiot-top/libs/uwb-iot/uwb_api/Api/SR1XX/UwbApi_RfTest.c:287:24:UwbApi_SetTestConfig	24	static
/Users/hongyilin/Documents/MCUXpressoIDE_24.12.148/workspace/UWBIOT_SR150_v04.06.00_MCUx/uwbiot-top/libs/uwb-iot/uwb_api/Api/SR1XX/UwbApi_RfTest.c:336:24:UwbApi_GetTestConfig	24	static
/Users/hongyilin/Documents/MCUXpressoIDE_24.12.148/workspace/UWBIOT_SR150_v04.06.00_MCUx/uwbiot-top/libs/uwb-iot/uwb_api/Api/SR1XX/UwbApi_RfTest.c:406:24:UwbApi_StartRfTest	16	static
/Users/hongyilin/Documents/MCUXpressoIDE_24.12.148/workspace/UWBIOT_SR150_v04.06.00_MCUx/uwbiot-top/libs/uwb-iot/uwb_api/Api/SR1XX/UwbApi_RfTest.c:480:24:UwbApi_Stop_RfTest	8	static
