/Users/hongyilin/Documents/MCUXpressoIDE_24.12.148/workspace/UWBIOT_SR150_v04.06.00_MCUx/uwbiot-top/demos/SR1XX/demo_nearby_interaction/src/ble_server.c:437:16:howManyPeer	0	static
/Users/hongyilin/Documents/MCUXpressoIDE_24.12.148/workspace/UWBIOT_SR150_v04.06.00_MCUx/uwbiot-top/demos/SR1XX/demo_nearby_interaction/src/ble_server.c:611:6:UWB_Interrupt_ISR	0	static
/Users/hongyilin/Documents/MCUXpressoIDE_24.12.148/workspace/UWBIOT_SR150_v04.06.00_MCUx/uwbiot-top/demos/SR1XX/demo_nearby_interaction/src/ble_server.c:373:13:BleApp_Advertise	8	static
/Users/hongyilin/Documents/MCUXpressoIDE_24.12.148/workspace/UWBIOT_SR150_v04.06.00_MCUx/uwbiot-top/demos/SR1XX/demo_nearby_interaction/src/ble_server.c:416:13:BleApp_AdvertisingCallback	8	static
/Users/hongyilin/Documents/MCUXpressoIDE_24.12.148/workspace/UWBIOT_SR150_v04.06.00_MCUx/uwbiot-top/demos/SR1XX/demo_nearby_interaction/src/ble_server.c:551:13:BleApp_GattServerCallback	16	static
/Users/hongyilin/Documents/MCUXpressoIDE_24.12.148/workspace/UWBIOT_SR150_v04.06.00_MCUx/uwbiot-top/demos/SR1XX/demo_nearby_interaction/src/ble_server.c:213:6:BleApp_Start	8	static
/Users/hongyilin/Documents/MCUXpressoIDE_24.12.148/workspace/UWBIOT_SR150_v04.06.00_MCUx/uwbiot-top/demos/SR1XX/demo_nearby_interaction/src/ble_server.c:453:13:BleApp_ConnectionCallback	24	static
/Users/hongyilin/Documents/MCUXpressoIDE_24.12.148/workspace/UWBIOT_SR150_v04.06.00_MCUx/uwbiot-top/demos/SR1XX/demo_nearby_interaction/src/ble_server.c:273:6:BleApp_HandleKeys	0	static
/Users/hongyilin/Documents/MCUXpressoIDE_24.12.148/workspace/UWBIOT_SR150_v04.06.00_MCUx/uwbiot-top/demos/SR1XX/demo_nearby_interaction/src/ble_server.c:295:6:BleApp_GenericCallback	8	static
/Users/hongyilin/Documents/MCUXpressoIDE_24.12.148/workspace/UWBIOT_SR150_v04.06.00_MCUx/uwbiot-top/demos/SR1XX/demo_nearby_interaction/src/ble_server.c:606:6:UWB_Interrupt_ISR_Init	8	static
/Users/hongyilin/Documents/MCUXpressoIDE_24.12.148/workspace/UWBIOT_SR150_v04.06.00_MCUx/uwbiot-top/demos/SR1XX/demo_nearby_interaction/src/ble_server.c:193:6:BleApp_Init	8	static
