/Users/hongyilin/Documents/MCUXpressoIDE_24.12.148/workspace/UWBIOT_SR150_v04.06.00_MCUx/uwbiot-top/demos/SR1XX/demo_nearby_interaction/src/TLV_Builder.c:79:6:tlvSendDoneCb	8	static
/Users/hongyilin/Documents/MCUXpressoIDE_24.12.148/workspace/UWBIOT_SR150_v04.06.00_MCUx/uwbiot-top/demos/SR1XX/demo_nearby_interaction/src/TLV_Builder.c:49:6:tlvSendRaw	16	static
/Users/hongyilin/Documents/MCUXpressoIDE_24.12.148/workspace/UWBIOT_SR150_v04.06.00_MCUx/uwbiot-top/demos/SR1XX/demo_nearby_interaction/src/TLV_Builder.c:84:6:tlvRecv	8	static
/Users/hongyilin/Documents/MCUXpressoIDE_24.12.148/workspace/UWBIOT_SR150_v04.06.00_MCUx/uwbiot-top/demos/SR1XX/demo_nearby_interaction/src/TLV_Builder.c:95:6:tlvBuilderInit	8	static
