/Users/hongyilin/Documents/MCUXpressoIDE_24.12.148/workspace/UWBIOT_SR150_v04.06.00_MCUx/uwbiot-top/demos/SR1XX/demo_nearby_interaction/src/TLV_Mng.c:50:6:tlvMngInit	40	static
/Users/hongyilin/Documents/MCUXpressoIDE_24.12.148/workspace/UWBIOT_SR150_v04.06.00_MCUx/uwbiot-top/demos/SR1XX/demo_nearby_interaction/src/TLV_Mng.c:359:6:handleDisconnection	0	static
/Users/hongyilin/Documents/MCUXpressoIDE_24.12.148/workspace/UWBIOT_SR150_v04.06.00_MCUx/uwbiot-top/demos/SR1XX/demo_nearby_interaction/src/TLV_Mng.c:367:6:handleStopSession	24	static
/Users/hongyilin/Documents/MCUXpressoIDE_24.12.148/workspace/UWBIOT_SR150_v04.06.00_MCUx/uwbiot-top/demos/SR1XX/demo_nearby_interaction/src/TLV_Mng.c:77:6:tlvMngTask	208	static
/Users/hongyilin/Documents/MCUXpressoIDE_24.12.148/workspace/UWBIOT_SR150_v04.06.00_MCUx/uwbiot-top/demos/SR1XX/demo_nearby_interaction/src/TLV_Mng.c:416:6:handleShutDown	8	static
/Users/hongyilin/Documents/MCUXpressoIDE_24.12.148/workspace/UWBIOT_SR150_v04.06.00_MCUx/uwbiot-top/demos/SR1XX/demo_nearby_interaction/src/TLV_Mng.c:437:6:handleDeviceInit	144	static
