/Users/hongyilin/Documents/MCUXpressoIDE_24.12.148/workspace/UWBIOT_SR150_v04.06.00_MCUx/uwbiot-top/ext/mbedtls/library/ccm.c:153:12:ccm_auth_crypt	128	static
/Users/hongyilin/Documents/MCUXpressoIDE_24.12.148/workspace/UWBIOT_SR150_v04.06.00_MCUx/uwbiot-top/ext/mbedtls/library/ccm.c:61:6:mbedtls_ccm_init	8	static
/Users/hongyilin/Documents/MCUXpressoIDE_24.12.148/workspace/UWBIOT_SR150_v04.06.00_MCUx/uwbiot-top/ext/mbedtls/library/ccm.c:67:5:mbedtls_ccm_setkey	24	static
/Users/hongyilin/Documents/MCUXpressoIDE_24.12.148/workspace/UWBIOT_SR150_v04.06.00_MCUx/uwbiot-top/ext/mbedtls/library/ccm.c:103:6:mbedtls_ccm_free	8	static
/Users/hongyilin/Documents/MCUXpressoIDE_24.12.148/workspace/UWBIOT_SR150_v04.06.00_MCUx/uwbiot-top/ext/mbedtls/library/ccm.c:325:5:mbedtls_ccm_star_encrypt_and_tag	40	static
/Users/hongyilin/Documents/MCUXpressoIDE_24.12.148/workspace/UWBIOT_SR150_v04.06.00_MCUx/uwbiot-top/ext/mbedtls/library/ccm.c:341:5:mbedtls_ccm_encrypt_and_tag	32	static
/Users/hongyilin/Documents/MCUXpressoIDE_24.12.148/workspace/UWBIOT_SR150_v04.06.00_MCUx/uwbiot-top/ext/mbedtls/library/ccm.c:363:5:mbedtls_ccm_star_auth_decrypt	72	static
/Users/hongyilin/Documents/MCUXpressoIDE_24.12.148/workspace/UWBIOT_SR150_v04.06.00_MCUx/uwbiot-top/ext/mbedtls/library/ccm.c:401:5:mbedtls_ccm_auth_decrypt	32	static
