/Users/hongyilin/Documents/MCUXpressoIDE_24.12.148/workspace/UWBIOT_SR150_v04.06.00_MCUx/uwbiot-top/ext/mbedtls/library/poly1305.c:101:13:poly1305_process	88	static
/Users/hongyilin/Documents/MCUXpressoIDE_24.12.148/workspace/UWBIOT_SR150_v04.06.00_MCUx/uwbiot-top/ext/mbedtls/library/poly1305.c:278:6:mbedtls_poly1305_init	8	static
/Users/hongyilin/Documents/MCUXpressoIDE_24.12.148/workspace/UWBIOT_SR150_v04.06.00_MCUx/uwbiot-top/ext/mbedtls/library/poly1305.c:285:6:mbedtls_poly1305_free	8	static
/Users/hongyilin/Documents/MCUXpressoIDE_24.12.148/workspace/UWBIOT_SR150_v04.06.00_MCUx/uwbiot-top/ext/mbedtls/library/poly1305.c:293:5:mbedtls_poly1305_starts	16	static
/Users/hongyilin/Documents/MCUXpressoIDE_24.12.148/workspace/UWBIOT_SR150_v04.06.00_MCUx/uwbiot-top/ext/mbedtls/library/poly1305.c:324:5:mbedtls_poly1305_update	24	static
/Users/hongyilin/Documents/MCUXpressoIDE_24.12.148/workspace/UWBIOT_SR150_v04.06.00_MCUx/uwbiot-top/ext/mbedtls/library/poly1305.c:388:5:mbedtls_poly1305_finish	48	static
/Users/hongyilin/Documents/MCUXpressoIDE_24.12.148/workspace/UWBIOT_SR150_v04.06.00_MCUx/uwbiot-top/ext/mbedtls/library/poly1305.c:415:5:mbedtls_poly1305_mac	96	static
