/Users/hongyilin/Documents/MCUXpressoIDE_24.12.148/workspace/UWBIOT_SR150_v04.06.00_MCUx/uwbiot-top/ext/mbedtls/library/ssl_cli.c:933:12:ssl_validate_ciphersuite	8	static
/Users/hongyilin/Documents/MCUXpressoIDE_24.12.148/workspace/UWBIOT_SR150_v04.06.00_MCUx/uwbiot-top/ext/mbedtls/library/ssl_cli.c:2652:12:ssl_check_server_ecdh_params	16	static
/Users/hongyilin/Documents/MCUXpressoIDE_24.12.148/workspace/UWBIOT_SR150_v04.06.00_MCUx/uwbiot-top/ext/mbedtls/library/ssl_cli.c:2840:12:ssl_write_encrypted_pms	48	static
/Users/hongyilin/Documents/MCUXpressoIDE_24.12.148/workspace/UWBIOT_SR150_v04.06.00_MCUx/uwbiot-top/ext/mbedtls/library/ssl_cli.c:4410:5:mbedtls_ssl_handshake_client_step	152	static
