/Users/hongyilin/Documents/MCUXpressoIDE_24.12.148/workspace/UWBIOT_SR150_v04.06.00_MCUx/uwbiot-top/ext/mbedtls/library/version.c:27:14:mbedtls_version_get_number	0	static
/Users/hongyilin/Documents/MCUXpressoIDE_24.12.148/workspace/UWBIOT_SR150_v04.06.00_MCUx/uwbiot-top/ext/mbedtls/library/version.c:32:6:mbedtls_version_get_string	8	static
/Users/hongyilin/Documents/MCUXpressoIDE_24.12.148/workspace/UWBIOT_SR150_v04.06.00_MCUx/uwbiot-top/ext/mbedtls/library/version.c:38:6:mbedtls_version_get_string_full	8	static
