/Users/hongyilin/Documents/MCUXpressoIDE_24.12.148/workspace/UWBIOT_SR150_v04.06.00_MCUx/uwbiot-top/ext/mbedtls/library/x509_csr.c:331:5:mbedtls_x509_csr_info	72	static
/Users/hongyilin/Documents/MCUXpressoIDE_24.12.148/workspace/UWBIOT_SR150_v04.06.00_MCUx/uwbiot-top/ext/mbedtls/library/x509_csr.c:374:6:mbedtls_x509_csr_init	8	static
/Users/hongyilin/Documents/MCUXpressoIDE_24.12.148/workspace/UWBIOT_SR150_v04.06.00_MCUx/uwbiot-top/ext/mbedtls/library/x509_csr.c:382:6:mbedtls_x509_csr_free	24	static
/Users/hongyilin/Documents/MCUXpressoIDE_24.12.148/workspace/UWBIOT_SR150_v04.06.00_MCUx/uwbiot-top/ext/mbedtls/library/x509_csr.c:85:5:mbedtls_x509_csr_parse_der	56	static
/Users/hongyilin/Documents/MCUXpressoIDE_24.12.148/workspace/UWBIOT_SR150_v04.06.00_MCUx/uwbiot-top/ext/mbedtls/library/x509_csr.c:257:5:mbedtls_x509_csr_parse	56	static
