/Users/hongyilin/projects/location_intelligence_embedded_code/uwbiot-top/ext/boards/qn9090/bluetooth/framework/LowPower/source/PWR.c:807:6:PWR_Init	0	static
/Users/hongyilin/projects/location_intelligence_embedded_code/uwbiot-top/ext/boards/qn9090/bluetooth/framework/LowPower/source/PWR.c:818:6:PWR_ForceInit	0	static
/Users/hongyilin/projects/location_intelligence_embedded_code/uwbiot-top/ext/boards/qn9090/bluetooth/framework/LowPower/source/PWR.c:830:6:PWR_SystemReset	8	static
/Users/hongyilin/projects/location_intelligence_embedded_code/uwbiot-top/ext/boards/qn9090/bluetooth/framework/LowPower/source/PWR.c:842:6:PWR_AllowDeviceToSleep	0	static
/Users/hongyilin/projects/location_intelligence_embedded_code/uwbiot-top/ext/boards/qn9090/bluetooth/framework/LowPower/source/PWR.c:863:6:PWR_DisallowDeviceToSleep	0	static
/Users/hongyilin/projects/location_intelligence_embedded_code/uwbiot-top/ext/boards/qn9090/bluetooth/framework/LowPower/source/PWR.c:990:8:PWR_CheckIfDeviceCanGoToSleep	0	static
/Users/hongyilin/projects/location_intelligence_embedded_code/uwbiot-top/ext/boards/qn9090/bluetooth/framework/LowPower/source/PWR.c:1051:5:PWR_CheckIfDeviceCanGoToSleepExt	0	static
/Users/hongyilin/projects/location_intelligence_embedded_code/uwbiot-top/ext/boards/qn9090/bluetooth/framework/LowPower/source/PWR.c:1153:8:PWR_ChangeDeepSleepMode	8	static
/Users/hongyilin/projects/location_intelligence_embedded_code/uwbiot-top/ext/boards/qn9090/bluetooth/framework/LowPower/source/PWR.c:1179:9:PWR_GetDeepSleepMode	0	static
/Users/hongyilin/projects/location_intelligence_embedded_code/uwbiot-top/ext/boards/qn9090/bluetooth/framework/LowPower/source/PWR.c:1194:10:PWR_GetDeepSleepConfig	0	static
/Users/hongyilin/projects/location_intelligence_embedded_code/uwbiot-top/ext/boards/qn9090/bluetooth/framework/LowPower/source/PWR.c:1221:27:PWR_EnterLowPower	8	static
/Users/hongyilin/projects/location_intelligence_embedded_code/uwbiot-top/ext/boards/qn9090/bluetooth/framework/LowPower/source/PWR.c:1252:6:PWR_EnterSleep	8	static
/Users/hongyilin/projects/location_intelligence_embedded_code/uwbiot-top/ext/boards/qn9090/bluetooth/framework/LowPower/source/PWR.c:711:20:PWR_CheckForAndEnterNewPowerState	8	static
/Users/hongyilin/projects/location_intelligence_embedded_code/uwbiot-top/ext/boards/qn9090/bluetooth/framework/LowPower/source/PWR.c:1269:20:PWR_EnterPowerDown	0	static
/Users/hongyilin/projects/location_intelligence_embedded_code/uwbiot-top/ext/boards/qn9090/bluetooth/framework/LowPower/source/PWR.c:1295:6:PWR_EnterDeepDown	8	static
/Users/hongyilin/projects/location_intelligence_embedded_code/uwbiot-top/ext/boards/qn9090/bluetooth/framework/LowPower/source/PWR.c:1326:6:PWR_EnterPowerOff	8	static
/Users/hongyilin/projects/location_intelligence_embedded_code/uwbiot-top/ext/boards/qn9090/bluetooth/framework/LowPower/source/PWR.c:1353:6:PWR_RegisterLowPowerEnterCallback	0	static
/Users/hongyilin/projects/location_intelligence_embedded_code/uwbiot-top/ext/boards/qn9090/bluetooth/framework/LowPower/source/PWR.c:1366:6:PWR_RegisterLowPowerExitCallback	0	static
/Users/hongyilin/projects/location_intelligence_embedded_code/uwbiot-top/ext/boards/qn9090/bluetooth/framework/LowPower/source/PWR.c:1380:6:PWR_PreventEnterLowPower	0	static
/Users/hongyilin/projects/location_intelligence_embedded_code/uwbiot-top/ext/boards/qn9090/bluetooth/framework/LowPower/source/PWR.c:1396:6:PWR_IndicateBLEActive	0	static
/Users/hongyilin/projects/location_intelligence_embedded_code/uwbiot-top/ext/boards/qn9090/bluetooth/framework/LowPower/source/PWR.c:1403:6:PWR_Start32kCounter	8	static
/Users/hongyilin/projects/location_intelligence_embedded_code/uwbiot-top/ext/boards/qn9090/bluetooth/framework/LowPower/source/PWR.c:1408:10:PWR_Get32kTimestamp	8	static
