/Users/hongyilin/projects/location_intelligence_embedded_code/uwbiot-top/demos/SR150_SE051W/demo_semslite_utils.c:28:14:JCOP4_GetDataIdentify	40	static
/Users/hongyilin/projects/location_intelligence_embedded_code/uwbiot-top/demos/SR150_SE051W/demo_semslite_utils.c:73:14:demo_semslite_updateApplet	8	static
/Users/hongyilin/projects/location_intelligence_embedded_code/uwbiot-top/demos/SR150_SE051W/demo_semslite_utils.c:68:14:delete_package	8	static
/Users/hongyilin/projects/location_intelligence_embedded_code/uwbiot-top/demos/SR150_SE051W/demo_semslite_utils.c:88:5:demo_semslite_secom_txrx_raw	16	static
