/Users/hongyilin/Documents/MCUXpressoIDE_24.12.148/workspace/UWBIOT_SR150_v04.06.00_MCUx/uwbiot-top/se_mw/nxp_iot_agent/src/protobuf/pb_common.c:35:6:pb_field_iter_begin	0	static
/Users/hongyilin/Documents/MCUXpressoIDE_24.12.148/workspace/UWBIOT_SR150_v04.06.00_MCUx/uwbiot-top/se_mw/nxp_iot_agent/src/protobuf/pb_common.c:47:6:pb_field_iter_next	8	static
/Users/hongyilin/Documents/MCUXpressoIDE_24.12.148/workspace/UWBIOT_SR150_v04.06.00_MCUx/uwbiot-top/se_mw/nxp_iot_agent/src/protobuf/pb_common.c:105:6:pb_field_iter_find	16	static
